// Vitest Snapshot v1, https://vitest.dev/guide/snapshot.html

exports[`GlobalSpinner > should match snapshot 1`] = `
<div>
  <div
    class="fixed inset-0 flex items-center justify-center bg-black/50 z-50"
  >
    <div
      class="bg-white p-6 rounded-lg shadow-lg flex flex-col items-center"
    >
      <div
        class="h-10 w-10 border-4 border-t-blue-500 border-r-transparent border-b-blue-500 border-l-transparent rounded-full animate-spin mb-4"
      />
      <p
        class="text-gray-700 font-medium"
      >
        Generowanie fiszek...
      </p>
      <p
        class="text-gray-500 text-sm mt-1"
      >
        To może chwilę potrwać
      </p>
    </div>
  </div>
</div>
`;
