// Vitest Snapshot v1, https://vitest.dev/guide/snapshot.html

exports[`SourceTextForm > should match snapshot 1`] = `
<div>
  <form
    class="space-y-4"
  >
    <div>
      <textarea
        class="border-input placeholder:text-muted-foreground focus-visible:border-ring focus-visible:ring-ring/50 aria-invalid:ring-destructive/20 dark:aria-invalid:ring-destructive/40 aria-invalid:border-destructive dark:bg-input/30 flex field-sizing-content min-h-16 rounded-md border bg-transparent px-3 py-2 shadow-xs transition-[color,box-shadow] outline-none focus-visible:ring-[3px] disabled:cursor-not-allowed disabled:opacity-50 md:text-sm w-full resize-none font-mono text-sm"
        data-slot="textarea"
        placeholder="Wklej swój tekst tutaj (1 000-10 000 znaków)..."
        rows="10"
      />
      <div
        class="flex justify-between text-sm mt-1"
      >
        <div
          class="text-gray-500"
        >
          0
           / 
          10000
           znaków
        </div>
      </div>
    </div>
    <button
      class="inline-flex items-center justify-center gap-2 whitespace-nowrap rounded-md text-sm font-medium transition-all disabled:pointer-events-none disabled:opacity-50 [&_svg]:pointer-events-none [&_svg:not([class*='size-'])]:size-4 shrink-0 [&_svg]:shrink-0 outline-none focus-visible:border-ring focus-visible:ring-ring/50 focus-visible:ring-[3px] aria-invalid:ring-destructive/20 dark:aria-invalid:ring-destructive/40 aria-invalid:border-destructive bg-primary text-primary-foreground shadow-xs hover:bg-primary/90 h-9 px-4 py-2 has-[>svg]:px-3 w-full"
      data-slot="button"
      disabled=""
      type="submit"
    >
      Generuj fiszki
    </button>
  </form>
</div>
`;
